Performing C SOURCE FILE Test CMAKE_HAVE_LIBC_PTHREAD failed with the following output:
Change Dir: /home/ros/robot_interfaces/temp_process/catkin_ws/build/CMakeFiles/CMakeTmp

Run Build Command(s):/usr/bin/make cmTC_107de/fast && /usr/bin/make -f CMakeFiles/cmTC_107de.dir/build.make CMakeFiles/cmTC_107de.dir/build
make[1]: Entering directory '/home/ros/robot_interfaces/temp_process/catkin_ws/build/CMakeFiles/CMakeTmp'
Building C object CMakeFiles/cmTC_107de.dir/src.c.o
/usr/bin/cc   -DCMAKE_HAVE_LIBC_PTHREAD   -o CMakeFiles/cmTC_107de.dir/src.c.o   -c /home/ros/robot_interfaces/temp_process/catkin_ws/build/CMakeFiles/CMakeTmp/src.c
Linking C executable cmTC_107de
/usr/bin/cmake -E cmake_link_script CMakeFiles/cmTC_107de.dir/link.txt --verbose=1
/usr/bin/cc  -DCMAKE_HAVE_LIBC_PTHREAD    -rdynamic CMakeFiles/cmTC_107de.dir/src.c.o  -o cmTC_107de 
/usr/bin/ld: CMakeFiles/cmTC_107de.dir/src.c.o: in function `main':
src.c:(.text+0x48): undefined reference to `pthread_create'
/usr/bin/ld: src.c:(.text+0x50): undefined reference to `pthread_detach'
/usr/bin/ld: src.c:(.text+0x5c): undefined reference to `pthread_join'
collect2: error: ld returned 1 exit status
make[1]: *** [CMakeFiles/cmTC_107de.dir/build.make:87: cmTC_107de] Error 1
make[1]: Leaving directory '/home/ros/robot_interfaces/temp_process/catkin_ws/build/CMakeFiles/CMakeTmp'
make: *** [Makefile:121: cmTC_107de/fast] Error 2


Source file was:
#include <pthread.h>

void* test_func(void* data)
{
  return data;
}

int main(void)
{
  pthread_t thread;
  pthread_create(&thread, NULL, test_func, NULL);
  pthread_detach(thread);
  pthread_join(thread, NULL);
  pthread_atfork(NULL, NULL, NULL);
  pthread_exit(NULL);

  return 0;
}

Determining if the function pthread_create exists in the pthreads failed with the following output:
Change Dir: /home/ros/robot_interfaces/temp_process/catkin_ws/build/CMakeFiles/CMakeTmp

Run Build Command(s):/usr/bin/make cmTC_1b5ed/fast && /usr/bin/make -f CMakeFiles/cmTC_1b5ed.dir/build.make CMakeFiles/cmTC_1b5ed.dir/build
make[1]: Entering directory '/home/ros/robot_interfaces/temp_process/catkin_ws/build/CMakeFiles/CMakeTmp'
Building C object CMakeFiles/cmTC_1b5ed.dir/CheckFunctionExists.c.o
/usr/bin/cc   -DCHECK_FUNCTION_EXISTS=pthread_create   -o CMakeFiles/cmTC_1b5ed.dir/CheckFunctionExists.c.o   -c /usr/share/cmake-3.16/Modules/CheckFunctionExists.c
Linking C executable cmTC_1b5ed
/usr/bin/cmake -E cmake_link_script CMakeFiles/cmTC_1b5ed.dir/link.txt --verbose=1
/usr/bin/cc  -DCHECK_FUNCTION_EXISTS=pthread_create    -rdynamic CMakeFiles/cmTC_1b5ed.dir/CheckFunctionExists.c.o  -o cmTC_1b5ed  -lpthreads 
/usr/bin/ld: cannot find -lpthreads
collect2: error: ld returned 1 exit status
make[1]: *** [CMakeFiles/cmTC_1b5ed.dir/build.make:87: cmTC_1b5ed] Error 1
make[1]: Leaving directory '/home/ros/robot_interfaces/temp_process/catkin_ws/build/CMakeFiles/CMakeTmp'
make: *** [Makefile:121: cmTC_1b5ed/fast] Error 2



